// Jest Snapshot v1, https://goo.gl/fbAQLP

exports[`AddItem container renders an AddItem 1`] = `
<TextInput
  allowFontScaling={true}
  onChangeText={[Function]}
  onSubmitEditing={[Function]}
  placeholder="Add new item"
  rejectResponderTermination={true}
  style={
    Object {
      "borderBottomColor": "lightgrey",
      "borderBottomWidth": 1,
      "color": "grey",
      "padding": 15,
      "textAlign": "left",
      "width": "100%",
    }
  }
  underlineColorAndroid="transparent"
/>
`;
